Complete Rule Example

Description
A comprehensive rule with all metadata fields populated

Tags: complete, example, metadata
Languages: go, typescript, rust
Frameworks: gin, react, actix

No content available for preview.