Minimal Rule

Description
A basic rule with minimal information

No content available for preview.