Unicode Support 🚀 Test ñüé

Description
Testing unicode characters and émojis in preview 🎉

Tags: unicode, 🏷️test, émojis
Languages: 🐍python, javascript
Frameworks: react⚛️, vue🖖

No content available for preview.